\BOOKMARK [0][-]{chapter*.1}{\376\377\000P\000r\000e\000f\000a\000c\000e}{}% 1
\BOOKMARK [-1][-]{part.1}{\376\377\000I\000\040\000C\000o\000m\000p\000u\000t\000a\000t\000i\000o\000n\000a\000l\000\040\000F\000o\000u\000n\000d\000a\000t\000i\000o\000n\000s}{}% 2
\BOOKMARK [0][-]{chapter.1}{\376\377\000N\000u\000m\000e\000r\000i\000c\000a\000l\000\040\000S\000t\000a\000b\000i\000l\000i\000t\000y\000\040\000i\000n\000\040\000G\000a\000u\000s\000s\000i\000a\000n\000\040\000E\000l\000i\000m\000i\000n\000a\000t\000i\000o\000n}{part.1}% 3
\BOOKMARK [1][-]{section.1.1}{\376\377\000I\000n\000t\000r\000o\000d\000u\000c\000t\000i\000o\000n\000:\000\040\000T\000h\000e\000\040\000A\000l\000g\000o\000r\000i\000t\000h\000m\000\040\000B\000e\000h\000i\000n\000d\000\040\000E\000v\000e\000r\000y\000\040\000L\000i\000n\000e\000a\000r\000\040\000S\000o\000l\000v\000e}{chapter.1}% 4
\BOOKMARK [1][-]{section.1.2}{\376\377\000W\000h\000a\000t\000\040\000I\000s\000\040\000G\000a\000u\000s\000s\000i\000a\000n\000\040\000E\000l\000i\000m\000i\000n\000a\000t\000i\000o\000n\000?}{chapter.1}% 5
\BOOKMARK [1][-]{section.1.3}{\376\377\000F\000l\000o\000a\000t\000i\000n\000g\000-\000P\000o\000i\000n\000t\000\040\000A\000r\000i\000t\000h\000m\000e\000t\000i\000c\000:\000\040\000W\000h\000y\000\040\000W\000e\000\040\000C\000a\000n\000'\000t\000\040\000U\000s\000e\000\040\000E\000x\000a\000c\000t\000\040\000R\000a\000t\000i\000o\000n\000a\000l}{chapter.1}% 6
\BOOKMARK [1][-]{section.1.4}{\376\377\000B\000a\000c\000k\000w\000a\000r\000d\000\040\000S\000t\000a\000b\000i\000l\000i\000t\000y\000:\000\040\000T\000h\000e\000\040\000R\000i\000g\000h\000t\000\040\000M\000e\000t\000r\000i\000c}{chapter.1}% 7
\BOOKMARK [1][-]{section.1.5}{\376\377\000T\000h\000e\000\040\000G\000r\000o\000w\000t\000h\000\040\000F\000a\000c\000t\000o\000r\000:\000\040\000S\000t\000a\000b\000i\000l\000i\000t\000y\000'\000s\000\040\000R\000o\000s\000e\000t\000t\000a\000\040\000S\000t\000o\000n\000e}{chapter.1}% 8
\BOOKMARK [1][-]{section.1.6}{\376\377\000P\000i\000v\000o\000t\000i\000n\000g\000\040\000S\000t\000r\000a\000t\000e\000g\000i\000e\000s}{chapter.1}% 9
\BOOKMARK [1][-]{section.1.7}{\376\377\000W\000h\000y\000\040\000P\000a\000r\000t\000i\000a\000l\000\040\000P\000i\000v\000o\000t\000i\000n\000g\000\040\000W\000o\000r\000k\000s\000\040\000i\000n\000\040\000P\000r\000a\000c\000t\000i\000c\000e}{chapter.1}% 10
\BOOKMARK [1][-]{section.1.8}{\376\377\000C\000o\000d\000e\000:\000\040\000M\000e\000a\000s\000u\000r\000i\000n\000g\000\040\000G\000r\000o\000w\000t\000h\000\040\000F\000a\000c\000t\000o\000r\000\040\000i\000n\000\040\000J\000u\000l\000i\000a}{chapter.1}% 11
\BOOKMARK [1][-]{section.1.9}{\376\377\000O\000p\000e\000n\000\040\000P\000r\000o\000b\000l\000e\000m\000s}{chapter.1}% 12
\BOOKMARK [1][-]{section.1.10}{\376\377\000B\000r\000i\000d\000g\000e\000\040\000t\000o\000\040\000C\000h\000a\000p\000t\000e\000r\000\040\0002}{chapter.1}% 13
\BOOKMARK [1][-]{section.1.11}{\376\377\000F\000u\000r\000t\000h\000e\000r\000\040\000R\000e\000a\000d\000i\000n\000g}{chapter.1}% 14
\BOOKMARK [1][-]{section.1.12}{\376\377\000E\000x\000e\000r\000c\000i\000s\000e\000s}{chapter.1}% 15
\BOOKMARK [1][-]{section.1.13}{\376\377\000S\000o\000l\000u\000t\000i\000o\000n\000s}{chapter.1}% 16
\BOOKMARK [0][-]{chapter.2}{\376\377\000A\000l\000g\000o\000r\000i\000t\000h\000m\000i\000c\000\040\000F\000e\000w\000n\000o\000m\000i\000a\000l\000\040\000T\000h\000e\000o\000r\000y\000\040\000O\000v\000e\000r\000\040\000R}{part.1}% 17
\BOOKMARK [1][-]{section.2.1}{\376\377\000I\000n\000t\000r\000o\000d\000u\000c\000t\000i\000o\000n\000:\000\040\000W\000h\000y\000\040\000F\000e\000w\000n\000o\000m\000i\000a\000l\000s\000?}{chapter.2}% 18
\BOOKMARK [1][-]{section.2.2}{\376\377\000F\000r\000o\000m\000\040\000B\000i\000n\000o\000m\000i\000a\000l\000s\000\040\000t\000o\000\040\000F\000e\000w\000n\000o\000m\000i\000a\000l\000s}{chapter.2}% 19
\BOOKMARK [1][-]{section.2.3}{\376\377\000T\000h\000e\000\040\000S\000i\000m\000p\000l\000e\000x\000\040\000C\000a\000s\000e\000:\000\040\000k\000\040\000=\000\040\000n\000+\0001}{chapter.2}% 20
\BOOKMARK [1][-]{section.2.4}{\376\377\000S\000y\000s\000t\000e\000m\000s\000\040\000o\000f\000\040\000F\000e\000w\000n\000o\000m\000i\000a\000l\000s\000:\000\040\000K\000u\000s\000h\000n\000i\000r\000e\000n\000k\000o\000-\000B\000e\000r\000n\000s\000t\000e\000i\000n}{chapter.2}% 21
\BOOKMARK [1][-]{section.2.5}{\376\377\000A\000r\000i\000t\000h\000m\000e\000t\000i\000c\000\040\000a\000n\000d\000\040\000B\000i\000t\000\040\000C\000o\000m\000p\000l\000e\000x\000i\000t\000y}{chapter.2}% 22
\BOOKMARK [1][-]{section.2.6}{\376\377\000C\000o\000d\000e\000:\000\040\000T\000r\000o\000p\000i\000c\000a\000l\000\040\000A\000p\000p\000r\000o\000x\000i\000m\000a\000t\000i\000o\000n\000\040\000f\000o\000r\000\040\000F\000e\000w\000n\000o\000m\000i\000a\000l\000s}{chapter.2}% 23
\BOOKMARK [1][-]{section.2.7}{\376\377\000A\000p\000p\000l\000i\000c\000a\000t\000i\000o\000n\000s}{chapter.2}% 24
\BOOKMARK [1][-]{section.2.8}{\376\377\000B\000r\000i\000d\000g\000e\000\040\000t\000o\000\040\000C\000h\000a\000p\000t\000e\000r\000\040\0003}{chapter.2}% 25
\BOOKMARK [1][-]{section.2.9}{\376\377\000F\000u\000r\000t\000h\000e\000r\000\040\000R\000e\000a\000d\000i\000n\000g}{chapter.2}% 26
\BOOKMARK [1][-]{section.2.10}{\376\377\000E\000x\000e\000r\000c\000i\000s\000e\000s}{chapter.2}% 27
\BOOKMARK [1][-]{section.2.11}{\376\377\000S\000o\000l\000u\000t\000i\000o\000n\000s}{chapter.2}% 28
\BOOKMARK [0][-]{chapter.3}{\376\377\000S\000p\000e\000c\000t\000r\000a\000l\000\040\000M\000e\000t\000h\000o\000d\000s\000\040\000i\000n\000\040\000M\000i\000c\000r\000o\000e\000c\000o\000n\000o\000m\000i\000c\000s}{part.1}% 29
\BOOKMARK [1][-]{section.3.1}{\376\377\000I\000n\000t\000r\000o\000d\000u\000c\000t\000i\000o\000n\000:\000\040\000W\000h\000y\000\040\000S\000p\000e\000c\000t\000r\000a\000l\000\040\000M\000e\000t\000h\000o\000d\000s\000?}{chapter.3}% 30
\BOOKMARK [1][-]{section.3.2}{\376\377\000P\000e\000r\000r\000o\000n\000-\000F\000r\000o\000b\000e\000n\000i\000u\000s\000\040\000T\000h\000e\000o\000r\000y\000\040\000f\000o\000r\000\040\000E\000c\000o\000n\000o\000m\000i\000s\000t\000s}{chapter.3}% 31
\BOOKMARK [1][-]{section.3.3}{\376\377\000A\000p\000p\000l\000i\000c\000a\000t\000i\000o\000n\000\040\0001\000:\000\040\000D\000e\000G\000r\000o\000o\000t\000\040\000L\000e\000a\000r\000n\000i\000n\000g\000\040\000a\000n\000d\000\040\000S\000o\000c\000i\000a\000l\000\040\000I\000n\000f\000l\000u\000e\000n\000c\000e}{chapter.3}% 32
\BOOKMARK [1][-]{section.3.4}{\376\377\000A\000p\000p\000l\000i\000c\000a\000t\000i\000o\000n\000\040\0002\000:\000\040\000N\000e\000t\000w\000o\000r\000k\000\040\000G\000a\000m\000e\000s\000\040\000a\000n\000d\000\040\000B\000o\000n\000a\000c\000i\000c\000h\000\040\000C\000e\000n\000t\000r\000a\000l\000i\000t\000y}{chapter.3}% 33
\BOOKMARK [1][-]{section.3.5}{\376\377\000A\000p\000p\000l\000i\000c\000a\000t\000i\000o\000n\000\040\0003\000:\000\040\000W\000i\000s\000d\000o\000m\000,\000\040\000C\000e\000n\000t\000r\000a\000l\000i\000z\000a\000t\000i\000o\000n\000,\000\040\000a\000n\000d\000\040\000P\000o\000l\000i\000c\000y}{chapter.3}% 34
\BOOKMARK [1][-]{section.3.6}{\376\377\000C\000o\000d\000e\000:\000\040\000S\000p\000e\000c\000t\000r\000a\000l\000\040\000A\000n\000a\000l\000y\000s\000i\000s\000\040\000o\000f\000\040\000N\000e\000t\000w\000o\000r\000k\000s}{chapter.3}% 35
\BOOKMARK [1][-]{section.3.7}{\376\377\000B\000r\000i\000d\000g\000e\000\040\000t\000o\000\040\000C\000h\000a\000p\000t\000e\000r\000\040\0004}{chapter.3}% 36
\BOOKMARK [1][-]{section.3.8}{\376\377\000F\000u\000r\000t\000h\000e\000r\000\040\000R\000e\000a\000d\000i\000n\000g}{chapter.3}% 37
\BOOKMARK [1][-]{section.3.9}{\376\377\000E\000x\000e\000r\000c\000i\000s\000e\000s}{chapter.3}% 38
\BOOKMARK [1][-]{section.3.10}{\376\377\000S\000o\000l\000u\000t\000i\000o\000n\000s}{chapter.3}% 39
\BOOKMARK [-1][-]{part.2}{\376\377\000I\000I\000\040\000G\000e\000o\000m\000e\000t\000r\000i\000c\000\040\000M\000a\000c\000h\000i\000n\000e\000\040\000L\000e\000a\000r\000n\000i\000n\000g}{}% 40
\BOOKMARK [0][-]{chapter.4}{\376\377\000O\000n\000\040\000t\000h\000e\000\040\000G\000e\000o\000m\000e\000t\000r\000y\000\040\000o\000f\000\040\000D\000e\000e\000p\000\040\000L\000e\000a\000r\000n\000i\000n\000g}{part.2}% 41
\BOOKMARK [1][-]{section.4.1}{\376\377\000I\000n\000t\000r\000o\000d\000u\000c\000t\000i\000o\000n\000:\000\040\000T\000h\000e\000\040\000B\000l\000a\000c\000k\000\040\000B\000o\000x\000\040\000P\000r\000o\000b\000l\000e\000m}{chapter.4}% 42
\BOOKMARK [1][-]{section.4.2}{\376\377\000A\000f\000f\000i\000n\000e\000\040\000S\000p\000l\000i\000n\000e\000s\000\040\000i\000n\000\040\0001\000D}{chapter.4}% 43
\BOOKMARK [1][-]{section.4.3}{\376\377\000D\000e\000e\000p\000\040\000N\000e\000t\000w\000o\000r\000k\000\040\000T\000e\000s\000s\000e\000l\000l\000a\000t\000i\000o\000n}{chapter.4}% 44
\BOOKMARK [1][-]{section.4.4}{\376\377\000G\000e\000o\000m\000e\000t\000r\000y\000\040\000o\000f\000\040\000t\000h\000e\000\040\000L\000o\000s\000s\000\040\000L\000a\000n\000d\000s\000c\000a\000p\000e}{chapter.4}% 45
\BOOKMARK [1][-]{section.4.5}{\376\377\000B\000a\000t\000c\000h\000\040\000N\000o\000r\000m\000a\000l\000i\000z\000a\000t\000i\000o\000n\000\040\000a\000s\000\040\000D\000a\000t\000a\000-\000A\000d\000a\000p\000t\000i\000v\000e\000\040\000T\000e\000s\000s\000e\000l\000l\000a\000t\000i\000o\000n}{chapter.4}% 46
\BOOKMARK [1][-]{section.4.6}{\376\377\000T\000h\000e\000\040\000D\000y\000n\000a\000m\000i\000c\000s\000\040\000o\000f\000\040\000L\000e\000a\000r\000n\000i\000n\000g\000:\000\040\000G\000r\000o\000k\000k\000i\000n\000g}{chapter.4}% 47
\BOOKMARK [1][-]{section.4.7}{\376\377\000G\000e\000n\000e\000r\000a\000t\000i\000v\000e\000\040\000M\000o\000d\000e\000l\000s\000:\000\040\000M\000a\000G\000N\000E\000T\000\040\000D\000e\000b\000i\000a\000s\000i\000n\000g}{chapter.4}% 48
\BOOKMARK [1][-]{section.4.8}{\376\377\000C\000o\000d\000e\000:\000\040\000A\000f\000f\000i\000n\000e\000\040\000S\000p\000l\000i\000n\000e\000\040\000L\000a\000y\000e\000r}{chapter.4}% 49
\BOOKMARK [1][-]{section.4.9}{\376\377\000B\000r\000i\000d\000g\000e\000\040\000t\000o\000\040\000C\000h\000a\000p\000t\000e\000r\000\040\0005}{chapter.4}% 50
\BOOKMARK [1][-]{section.4.10}{\376\377\000F\000u\000r\000t\000h\000e\000r\000\040\000R\000e\000a\000d\000i\000n\000g}{chapter.4}% 51
\BOOKMARK [1][-]{section.4.11}{\376\377\000E\000x\000e\000r\000c\000i\000s\000e\000s}{chapter.4}% 52
\BOOKMARK [1][-]{section.4.12}{\376\377\000S\000o\000l\000u\000t\000i\000o\000n\000s}{chapter.4}% 53
\BOOKMARK [0][-]{chapter.5}{\376\377\000W\000h\000a\000t\000\040\000I\000s\000.\000.\000.\000\040\000a\000n\000\040\000E\000q\000u\000i\000v\000a\000r\000i\000a\000n\000t\000\040\000N\000e\000u\000r\000a\000l\000\040\000N\000e\000t\000w\000o\000r\000k\000?}{part.2}% 54
\BOOKMARK [1][-]{section.5.1}{\376\377\000I\000n\000t\000r\000o\000d\000u\000c\000t\000i\000o\000n\000:\000\040\000W\000h\000y\000\040\000S\000y\000m\000m\000e\000t\000r\000y\000\040\000M\000a\000t\000t\000e\000r\000s}{chapter.5}% 55
\BOOKMARK [1][-]{section.5.2}{\376\377\000G\000r\000o\000u\000p\000\040\000R\000e\000p\000r\000e\000s\000e\000n\000t\000a\000t\000i\000o\000n\000s}{chapter.5}% 56
\BOOKMARK [1][-]{section.5.3}{\376\377\000E\000q\000u\000i\000v\000a\000r\000i\000a\000n\000t\000\040\000L\000i\000n\000e\000a\000r\000\040\000L\000a\000y\000e\000r\000s}{chapter.5}% 57
\BOOKMARK [1][-]{section.5.4}{\376\377\000E\000q\000u\000i\000v\000a\000r\000i\000a\000n\000t\000\040\000N\000o\000n\000l\000i\000n\000e\000a\000r\000i\000t\000i\000e\000s}{chapter.5}% 58
\BOOKMARK [1][-]{section.5.5}{\376\377\000A\000r\000c\000h\000i\000t\000e\000c\000t\000u\000r\000e\000:\000\040\000E\000q\000u\000i\000v\000a\000r\000i\000a\000n\000t\000\040\000N\000e\000u\000r\000a\000l\000\040\000N\000e\000t\000w\000o\000r\000k\000s}{chapter.5}% 59
\BOOKMARK [1][-]{section.5.6}{\376\377\000C\000o\000d\000e\000:\000\040\000I\000m\000p\000l\000e\000m\000e\000n\000t\000i\000n\000g\000\040\000a\000n\000\040\000E\000q\000u\000i\000v\000a\000r\000i\000a\000n\000t\000\040\000L\000a\000y\000e\000r}{chapter.5}% 60
\BOOKMARK [1][-]{section.5.7}{\376\377\000U\000n\000i\000v\000e\000r\000s\000a\000l\000\040\000A\000p\000p\000r\000o\000x\000i\000m\000a\000t\000i\000o\000n}{chapter.5}% 61
\BOOKMARK [1][-]{section.5.8}{\376\377\000B\000r\000i\000d\000g\000e\000\040\000t\000o\000\040\000C\000h\000a\000p\000t\000e\000r\000\040\0006}{chapter.5}% 62
\BOOKMARK [1][-]{section.5.9}{\376\377\000F\000u\000r\000t\000h\000e\000r\000\040\000R\000e\000a\000d\000i\000n\000g}{chapter.5}% 63
\BOOKMARK [1][-]{section.5.10}{\376\377\000E\000x\000e\000r\000c\000i\000s\000e\000s}{chapter.5}% 64
\BOOKMARK [1][-]{section.5.11}{\376\377\000S\000o\000l\000u\000t\000i\000o\000n\000s}{chapter.5}% 65
\BOOKMARK [0][-]{chapter.6}{\376\377\000T\000o\000p\000o\000l\000o\000g\000y\000\040\000M\000e\000e\000t\000s\000\040\000M\000a\000c\000h\000i\000n\000e\000\040\000L\000e\000a\000r\000n\000i\000n\000g\000:\000\040\000T\000h\000e\000\040\000E\000u\000l\000e\000r\000\040\000C\000h\000a\000r\000a\000c\000t\000e\000r\000i\000s\000t\000i\000c\000\040\000T\000r\000a\000n\000s\000f\000o\000r\000m}{part.2}% 66
\BOOKMARK [1][-]{section.6.1}{\376\377\000I\000n\000t\000r\000o\000d\000u\000c\000t\000i\000o\000n\000:\000\040\000T\000o\000p\000o\000l\000o\000g\000y\000\040\000a\000s\000\040\000I\000n\000d\000u\000c\000t\000i\000v\000e\000\040\000B\000i\000a\000s}{chapter.6}% 67
\BOOKMARK [1][-]{section.6.2}{\376\377\000T\000h\000e\000\040\000E\000u\000l\000e\000r\000\040\000C\000h\000a\000r\000a\000c\000t\000e\000r\000i\000s\000t\000i\000c}{chapter.6}% 68
\BOOKMARK [1][-]{section.6.3}{\376\377\000T\000h\000e\000\040\000E\000u\000l\000e\000r\000\040\000C\000h\000a\000r\000a\000c\000t\000e\000r\000i\000s\000t\000i\000c\000\040\000T\000r\000a\000n\000s\000f\000o\000r\000m}{chapter.6}% 69
\BOOKMARK [1][-]{section.6.4}{\376\377\000D\000i\000s\000c\000r\000e\000t\000i\000z\000a\000t\000i\000o\000n\000\040\000a\000n\000d\000\040\000M\000a\000c\000h\000i\000n\000e\000\040\000L\000e\000a\000r\000n\000i\000n\000g}{chapter.6}% 70
\BOOKMARK [1][-]{section.6.5}{\376\377\000D\000i\000f\000f\000e\000r\000e\000n\000t\000i\000a\000b\000l\000e\000\040\000E\000C\000T\000\040\000f\000o\000r\000\040\000D\000e\000e\000p\000\040\000L\000e\000a\000r\000n\000i\000n\000g}{chapter.6}% 71
\BOOKMARK [1][-]{section.6.6}{\376\377\000A\000p\000p\000l\000i\000c\000a\000t\000i\000o\000n\000s}{chapter.6}% 72
\BOOKMARK [1][-]{section.6.7}{\376\377\000C\000o\000d\000e\000\040\000R\000e\000p\000o\000s\000i\000t\000o\000r\000y}{chapter.6}% 73
\BOOKMARK [1][-]{section.6.8}{\376\377\000B\000r\000i\000d\000g\000e\000\040\000t\000o\000\040\000C\000h\000a\000p\000t\000e\000r\000\040\0007}{chapter.6}% 74
\BOOKMARK [1][-]{section.6.9}{\376\377\000F\000u\000r\000t\000h\000e\000r\000\040\000R\000e\000a\000d\000i\000n\000g}{chapter.6}% 75
\BOOKMARK [1][-]{section.6.10}{\376\377\000E\000x\000e\000r\000c\000i\000s\000e\000s}{chapter.6}% 76
\BOOKMARK [1][-]{section.6.11}{\376\377\000S\000o\000l\000u\000t\000i\000o\000n\000s}{chapter.6}% 77
\BOOKMARK [-1][-]{part.3}{\376\377\000I\000I\000I\000\040\000U\000n\000c\000e\000r\000t\000a\000i\000n\000t\000y\000,\000\040\000D\000y\000n\000a\000m\000i\000c\000s\000,\000\040\000a\000n\000d\000\040\000I\000n\000v\000e\000r\000s\000e\000\040\000P\000r\000o\000b\000l\000e\000m\000s}{}% 78
\BOOKMARK [0][-]{chapter.7}{\376\377\000T\000a\000m\000i\000n\000g\000\040\000U\000n\000c\000e\000r\000t\000a\000i\000n\000t\000y\000:\000\040\000T\000h\000e\000\040\000R\000i\000s\000e\000\040\000o\000f\000\040\000U\000n\000c\000e\000r\000t\000a\000i\000n\000t\000y\000\040\000Q\000u\000a\000n\000t\000i\000f\000i\000c\000a\000t\000i\000o\000n}{part.3}% 79
\BOOKMARK [1][-]{section.7.1}{\376\377\000I\000n\000t\000r\000o\000d\000u\000c\000t\000i\000o\000n\000:\000\040\000W\000h\000y\000\040\000Q\000u\000a\000n\000t\000i\000f\000y\000\040\000U\000n\000c\000e\000r\000t\000a\000i\000n\000t\000y\000?}{chapter.7}% 80
\BOOKMARK [1][-]{section.7.2}{\376\377\000E\000n\000t\000r\000o\000p\000y\000\040\000a\000n\000d\000\040\000R\000e\000l\000a\000t\000i\000v\000e\000\040\000E\000n\000t\000r\000o\000p\000y}{chapter.7}% 81
\BOOKMARK [1][-]{section.7.3}{\376\377\000U\000n\000c\000e\000r\000t\000a\000i\000n\000t\000y\000\040\000i\000n\000\040\000D\000y\000n\000a\000m\000i\000c\000a\000l\000\040\000S\000y\000s\000t\000e\000m\000s}{chapter.7}% 82
\BOOKMARK [1][-]{section.7.4}{\376\377\000D\000a\000t\000a\000\040\000A\000s\000s\000i\000m\000i\000l\000a\000t\000i\000o\000n\000:\000\040\000K\000a\000l\000m\000a\000n\000\040\000a\000n\000d\000\040\000E\000n\000s\000e\000m\000b\000l\000e\000\040\000F\000i\000l\000t\000e\000r\000s}{chapter.7}% 83
\BOOKMARK [1][-]{section.7.5}{\376\377\000S\000t\000o\000c\000h\000a\000s\000t\000i\000c\000\040\000S\000u\000r\000r\000o\000g\000a\000t\000e\000\040\000M\000o\000d\000e\000l\000i\000n\000g}{chapter.7}% 84
\BOOKMARK [1][-]{section.7.6}{\376\377\000B\000r\000i\000d\000g\000e\000\040\000t\000o\000\040\000C\000h\000a\000p\000t\000e\000r\000\040\0008}{chapter.7}% 85
\BOOKMARK [1][-]{section.7.7}{\376\377\000F\000u\000r\000t\000h\000e\000r\000\040\000R\000e\000a\000d\000i\000n\000g}{chapter.7}% 86
\BOOKMARK [1][-]{section.7.8}{\376\377\000E\000x\000e\000r\000c\000i\000s\000e\000s}{chapter.7}% 87
\BOOKMARK [1][-]{section.7.9}{\376\377\000S\000o\000l\000u\000t\000i\000o\000n\000s}{chapter.7}% 88
\BOOKMARK [0][-]{chapter.8}{\376\377\000N\000e\000w\000\040\000D\000e\000v\000e\000l\000o\000p\000m\000e\000n\000t\000s\000\040\000i\000n\000\040\000G\000l\000o\000b\000a\000l\000\040\000P\000o\000s\000i\000t\000i\000o\000n\000i\000n\000g}{part.3}% 89
\BOOKMARK [1][-]{section.8.1}{\376\377\000I\000n\000t\000r\000o\000d\000u\000c\000t\000i\000o\000n\000:\000\040\000T\000h\000e\000\040\000P\000r\000o\000b\000l\000e\000m}{chapter.8}% 90
\BOOKMARK [1][-]{section.8.2}{\376\377\000S\000p\000h\000e\000r\000e\000\040\000I\000n\000t\000e\000r\000s\000e\000c\000t\000i\000o\000n\000\040\000i\000n\000\040\000M\000i\000n\000k\000o\000w\000s\000k\000i\000\040\000S\000p\000a\000c\000e}{chapter.8}% 91
\BOOKMARK [1][-]{section.8.3}{\376\377\000W\000h\000e\000n\000\040\000I\000s\000\040\000t\000h\000e\000\040\000S\000o\000l\000u\000t\000i\000o\000n\000\040\000U\000n\000i\000q\000u\000e\000?}{chapter.8}% 92
\BOOKMARK [1][-]{section.8.4}{\376\377\000A\000l\000g\000o\000r\000i\000t\000h\000m\000:\000\040\000E\000x\000a\000c\000t\000\040\000S\000o\000l\000u\000t\000i\000o\000n}{chapter.8}% 93
\BOOKMARK [1][-]{section.8.5}{\376\377\000N\000o\000i\000s\000y\000\040\000D\000a\000t\000a\000:\000\040\000W\000e\000i\000g\000h\000t\000e\000d\000\040\000L\000e\000a\000s\000t\000\040\000S\000q\000u\000a\000r\000e\000s}{chapter.8}% 94
\BOOKMARK [1][-]{section.8.6}{\376\377\000C\000o\000n\000d\000i\000t\000i\000o\000n\000i\000n\000g\000\040\000a\000n\000d\000\040\000G\000e\000o\000m\000e\000t\000r\000y}{chapter.8}% 95
\BOOKMARK [1][-]{section.8.7}{\376\377\000B\000r\000i\000d\000g\000e\000\040\000t\000o\000\040\000C\000h\000a\000p\000t\000e\000r\000\040\0009}{chapter.8}% 96
\BOOKMARK [1][-]{section.8.8}{\376\377\000F\000u\000r\000t\000h\000e\000r\000\040\000R\000e\000a\000d\000i\000n\000g}{chapter.8}% 97
\BOOKMARK [1][-]{section.8.9}{\376\377\000E\000x\000e\000r\000c\000i\000s\000e\000s}{chapter.8}% 98
\BOOKMARK [1][-]{section.8.10}{\376\377\000S\000o\000l\000u\000t\000i\000o\000n\000s}{chapter.8}% 99
\BOOKMARK [0][-]{chapter.9}{\376\377\0003\000D\000\040\000P\000r\000i\000n\000t\000i\000n\000g\000\040\000o\000f\000\040\000I\000n\000v\000a\000r\000i\000a\000n\000t\000\040\000M\000a\000n\000i\000f\000o\000l\000d\000s\000\040\000i\000n\000\040\000D\000y\000n\000a\000m\000i\000c\000a\000l\000\040\000S\000y\000s\000t\000e\000m\000s}{part.3}% 100
\BOOKMARK [1][-]{section.9.1}{\376\377\000I\000n\000t\000r\000o\000d\000u\000c\000t\000i\000o\000n\000:\000\040\000W\000h\000y\000\040\000P\000r\000i\000n\000t\000\040\000M\000a\000n\000i\000f\000o\000l\000d\000s\000?}{chapter.9}% 101
\BOOKMARK [1][-]{section.9.2}{\376\377\000B\000a\000c\000k\000g\000r\000o\000u\000n\000d\000:\000\040\000I\000n\000v\000a\000r\000i\000a\000n\000t\000\040\000M\000a\000n\000i\000f\000o\000l\000d\000s}{chapter.9}% 102
\BOOKMARK [1][-]{section.9.3}{\376\377\000P\000h\000a\000s\000e\000\040\0001\000:\000\040\000L\000o\000c\000a\000l\000\040\000M\000a\000n\000i\000f\000o\000l\000d\000s\000\040\000v\000i\000a\000\040\000t\000h\000e\000\040\000P\000a\000r\000a\000m\000e\000t\000e\000r\000i\000z\000a\000t\000i\000o\000n\000\040\000M\000e\000t\000h\000o\000d}{chapter.9}% 103
\BOOKMARK [1][-]{section.9.4}{\376\377\000P\000h\000a\000s\000e\000\040\0002\000:\000\040\000G\000l\000o\000b\000a\000l\000\040\000E\000x\000t\000e\000n\000s\000i\000o\000n}{chapter.9}% 104
\BOOKMARK [1][-]{section.9.5}{\376\377\000P\000h\000a\000s\000e\000\040\0003\000:\000\040\000M\000e\000s\000h\000i\000n\000g\000\040\000a\000n\000d\000\040\000T\000h\000i\000c\000k\000e\000n\000i\000n\000g}{chapter.9}% 105
\BOOKMARK [1][-]{section.9.6}{\376\377\000P\000h\000a\000s\000e\000\040\0004\000:\000\040\000P\000r\000i\000n\000t\000\040\000P\000r\000e\000p\000a\000r\000a\000t\000i\000o\000n}{chapter.9}% 106
\BOOKMARK [1][-]{section.9.7}{\376\377\000C\000o\000d\000e\000\040\000R\000e\000p\000o\000s\000i\000t\000o\000r\000y}{chapter.9}% 107
\BOOKMARK [1][-]{section.9.8}{\376\377\000B\000r\000i\000d\000g\000e\000\040\000t\000o\000\040\000C\000h\000a\000p\000t\000e\000r\000\040\0001\0000}{chapter.9}% 108
\BOOKMARK [1][-]{section.9.9}{\376\377\000F\000u\000r\000t\000h\000e\000r\000\040\000R\000e\000a\000d\000i\000n\000g}{chapter.9}% 109
\BOOKMARK [1][-]{section.9.10}{\376\377\000E\000x\000e\000r\000c\000i\000s\000e\000s}{chapter.9}% 110
\BOOKMARK [1][-]{section.9.11}{\376\377\000S\000o\000l\000u\000t\000i\000o\000n\000s}{chapter.9}% 111
\BOOKMARK [-1][-]{part.4}{\376\377\000I\000V\000\040\000M\000o\000d\000e\000r\000n\000\040\000A\000p\000p\000l\000i\000c\000a\000t\000i\000o\000n\000s}{}% 112
\BOOKMARK [0][-]{chapter.10}{\376\377\000E\000x\000c\000i\000t\000i\000n\000g\000\040\000C\000o\000d\000i\000n\000g\000\040\000P\000r\000o\000b\000l\000e\000m\000s\000\040\000f\000o\000r\000\040\000D\000N\000A\000-\000b\000a\000s\000e\000d\000\040\000S\000t\000o\000r\000a\000g\000e\000\040\000S\000y\000s\000t\000e\000m\000s}{part.4}% 113
\BOOKMARK [1][-]{section.10.1}{\376\377\000I\000n\000t\000r\000o\000d\000u\000c\000t\000i\000o\000n\000:\000\040\000W\000h\000y\000\040\000D\000N\000A\000\040\000S\000t\000o\000r\000a\000g\000e\000?}{chapter.10}% 114
\BOOKMARK [1][-]{section.10.2}{\376\377\000E\000d\000i\000t\000-\000D\000i\000s\000t\000a\000n\000c\000e\000\040\000C\000o\000d\000e\000s}{chapter.10}% 115
\BOOKMARK [1][-]{section.10.3}{\376\377\000T\000h\000e\000\040\000D\000N\000A\000\040\000C\000l\000u\000s\000t\000e\000r\000i\000n\000g\000\040\000P\000r\000o\000b\000l\000e\000m}{chapter.10}% 116
\BOOKMARK [1][-]{section.10.4}{\376\377\000S\000e\000q\000u\000e\000n\000c\000e\000\040\000R\000e\000c\000o\000n\000s\000t\000r\000u\000c\000t\000i\000o\000n\000\040\000f\000r\000o\000m\000\040\000N\000o\000i\000s\000y\000\040\000C\000o\000p\000i\000e\000s}{chapter.10}% 117
\BOOKMARK [1][-]{section.10.5}{\376\377\000C\000o\000n\000s\000t\000r\000a\000i\000n\000e\000d\000\040\000C\000o\000d\000e\000s}{chapter.10}% 118
\BOOKMARK [1][-]{section.10.6}{\376\377\000C\000o\000d\000e\000:\000\040\000V\000T\000\040\000C\000o\000d\000e\000\040\000E\000n\000c\000o\000d\000i\000n\000g\000/\000D\000e\000c\000o\000d\000i\000n\000g}{chapter.10}% 119
\BOOKMARK [1][-]{section.10.7}{\376\377\000B\000r\000i\000d\000g\000e\000\040\000t\000o\000\040\000C\000h\000a\000p\000t\000e\000r\000\040\0001\0001}{chapter.10}% 120
\BOOKMARK [1][-]{section.10.8}{\376\377\000F\000u\000r\000t\000h\000e\000r\000\040\000R\000e\000a\000d\000i\000n\000g}{chapter.10}% 121
\BOOKMARK [1][-]{section.10.9}{\376\377\000E\000x\000e\000r\000c\000i\000s\000e\000s}{chapter.10}% 122
\BOOKMARK [1][-]{section.10.10}{\376\377\000S\000o\000l\000u\000t\000i\000o\000n\000s}{chapter.10}% 123
\BOOKMARK [0][-]{chapter.11}{\376\377\000T\000h\000e\000\040\000M\000a\000t\000h\000e\000m\000a\000t\000i\000c\000s\000\040\000o\000f\000\040\000C\000y\000b\000e\000r\000\040\000D\000e\000f\000e\000n\000s\000e}{part.4}% 124
\BOOKMARK [1][-]{section.11.1}{\376\377\000I\000n\000t\000r\000o\000d\000u\000c\000t\000i\000o\000n\000:\000\040\000W\000h\000y\000\040\000M\000a\000t\000h\000e\000m\000a\000t\000i\000c\000s\000\040\000f\000o\000r\000\040\000C\000y\000b\000e\000r\000?}{chapter.11}% 125
\BOOKMARK [1][-]{section.11.2}{\376\377\000D\000a\000t\000a\000\040\000R\000e\000p\000r\000e\000s\000e\000n\000t\000a\000t\000i\000o\000n\000:\000\040\000E\000m\000b\000e\000d\000d\000i\000n\000g\000\040\000C\000a\000t\000e\000g\000o\000r\000i\000c\000a\000l\000\040\000F\000e\000a\000t\000u\000r\000e\000s}{chapter.11}% 126
\BOOKMARK [1][-]{section.11.3}{\376\377\000A\000n\000o\000m\000a\000l\000y\000\040\000D\000e\000t\000e\000c\000t\000i\000o\000n\000:\000\040\000D\000e\000e\000p\000\040\000A\000u\000t\000o\000e\000n\000c\000o\000d\000e\000r\000s}{chapter.11}% 127
\BOOKMARK [1][-]{section.11.4}{\376\377\000C\000h\000a\000i\000n\000i\000n\000g\000\040\000A\000n\000o\000m\000a\000l\000i\000e\000s\000\040\000A\000c\000r\000o\000s\000s\000\040\000M\000o\000d\000a\000l\000i\000t\000i\000e\000s}{chapter.11}% 128
\BOOKMARK [1][-]{section.11.5}{\376\377\000A\000u\000t\000o\000n\000o\000m\000o\000u\000s\000\040\000R\000e\000s\000p\000o\000n\000s\000e\000:\000\040\000R\000e\000i\000n\000f\000o\000r\000c\000e\000m\000e\000n\000t\000\040\000L\000e\000a\000r\000n\000i\000n\000g}{chapter.11}% 129
\BOOKMARK [1][-]{section.11.6}{\376\377\000B\000r\000i\000d\000g\000e\000\040\000t\000o\000\040\000C\000h\000a\000p\000t\000e\000r\000\040\0001\0002}{chapter.11}% 130
\BOOKMARK [1][-]{section.11.7}{\376\377\000F\000u\000r\000t\000h\000e\000r\000\040\000R\000e\000a\000d\000i\000n\000g}{chapter.11}% 131
\BOOKMARK [1][-]{section.11.8}{\376\377\000E\000x\000e\000r\000c\000i\000s\000e\000s}{chapter.11}% 132
\BOOKMARK [1][-]{section.11.9}{\376\377\000S\000o\000l\000u\000t\000i\000o\000n\000s}{chapter.11}% 133
\BOOKMARK [0][-]{chapter.12}{\376\377\000T\000h\000e\000\040\000M\000a\000t\000h\000e\000m\000a\000t\000i\000c\000s\000\040\000o\000f\000\040\000C\000y\000b\000e\000r\000\040\000D\000e\000f\000e\000n\000s\000e}{part.4}% 134
\BOOKMARK [1][-]{section.12.1}{\376\377\000I\000n\000t\000r\000o\000d\000u\000c\000t\000i\000o\000n\000:\000\040\000W\000h\000y\000\040\000M\000a\000t\000h\000e\000m\000a\000t\000i\000c\000s\000\040\000f\000o\000r\000\040\000C\000y\000b\000e\000r\000?}{chapter.12}% 135
\BOOKMARK [1][-]{section.12.2}{\376\377\000D\000a\000t\000a\000\040\000R\000e\000p\000r\000e\000s\000e\000n\000t\000a\000t\000i\000o\000n\000:\000\040\000E\000m\000b\000e\000d\000d\000i\000n\000g\000\040\000C\000a\000t\000e\000g\000o\000r\000i\000c\000a\000l\000\040\000F\000e\000a\000t\000u\000r\000e\000s}{chapter.12}% 136
\BOOKMARK [1][-]{section.12.3}{\376\377\000A\000n\000o\000m\000a\000l\000y\000\040\000D\000e\000t\000e\000c\000t\000i\000o\000n\000:\000\040\000D\000e\000e\000p\000\040\000A\000u\000t\000o\000e\000n\000c\000o\000d\000e\000r\000s}{chapter.12}% 137
\BOOKMARK [1][-]{section.12.4}{\376\377\000C\000h\000a\000i\000n\000i\000n\000g\000\040\000A\000n\000o\000m\000a\000l\000i\000e\000s\000\040\000A\000c\000r\000o\000s\000s\000\040\000M\000o\000d\000a\000l\000i\000t\000i\000e\000s}{chapter.12}% 138
\BOOKMARK [1][-]{section.12.5}{\376\377\000A\000u\000t\000o\000n\000o\000m\000o\000u\000s\000\040\000R\000e\000s\000p\000o\000n\000s\000e\000:\000\040\000R\000e\000i\000n\000f\000o\000r\000c\000e\000m\000e\000n\000t\000\040\000L\000e\000a\000r\000n\000i\000n\000g}{chapter.12}% 139
\BOOKMARK [1][-]{section.12.6}{\376\377\000B\000r\000i\000d\000g\000e\000\040\000t\000o\000\040\000C\000h\000a\000p\000t\000e\000r\000\040\0001\0002}{chapter.12}% 140
\BOOKMARK [1][-]{section.12.7}{\376\377\000F\000u\000r\000t\000h\000e\000r\000\040\000R\000e\000a\000d\000i\000n\000g}{chapter.12}% 141
\BOOKMARK [1][-]{section.12.8}{\376\377\000E\000x\000e\000r\000c\000i\000s\000e\000s}{chapter.12}% 142
\BOOKMARK [1][-]{section.12.9}{\376\377\000S\000o\000l\000u\000t\000i\000o\000n\000s}{chapter.12}% 143
\BOOKMARK [0][-]{chapter.13}{\376\377\000O\000p\000e\000r\000a\000d\000s\000\040\000f\000o\000r\000\040\000D\000e\000s\000i\000g\000n\000i\000n\000g\000\040\000S\000y\000s\000t\000e\000m\000s\000\040\000o\000f\000\040\000S\000y\000s\000t\000e\000m\000s}{part.4}% 144
\BOOKMARK [1][-]{section.13.1}{\376\377\000I\000n\000t\000r\000o\000d\000u\000c\000t\000i\000o\000n\000:\000\040\000T\000h\000e\000\040\000C\000o\000m\000p\000o\000s\000i\000t\000i\000o\000n\000\040\000P\000r\000o\000b\000l\000e\000m}{chapter.13}% 145
\BOOKMARK [1][-]{section.13.2}{\376\377\000W\000h\000a\000t\000\040\000I\000s\000\040\000a\000n\000\040\000O\000p\000e\000r\000a\000d\000?}{chapter.13}% 146
\BOOKMARK [1][-]{section.13.3}{\376\377\000N\000e\000t\000w\000o\000r\000k\000\040\000O\000p\000e\000r\000a\000d\000s}{chapter.13}% 147
\BOOKMARK [1][-]{section.13.4}{\376\377\000A\000p\000p\000l\000i\000c\000a\000t\000i\000o\000n\000:\000\040\000S\000e\000a\000r\000c\000h\000\040\000a\000n\000d\000\040\000R\000e\000s\000c\000u\000e}{chapter.13}% 148
\BOOKMARK [1][-]{section.13.5}{\376\377\000F\000r\000o\000m\000\040\000D\000e\000s\000i\000g\000n\000\040\000t\000o\000\040\000T\000a\000s\000k\000i\000n\000g}{chapter.13}% 149
\BOOKMARK [1][-]{section.13.6}{\376\377\000L\000e\000v\000e\000l\000s\000\040\000o\000f\000\040\000A\000b\000s\000t\000r\000a\000c\000t\000i\000o\000n}{chapter.13}% 150
\BOOKMARK [1][-]{section.13.7}{\376\377\000C\000o\000d\000e\000:\000\040\000S\000i\000m\000p\000l\000e\000\040\000O\000p\000e\000r\000a\000d\000\040\000i\000n\000\040\000P\000y\000t\000h\000o\000n}{chapter.13}% 151
\BOOKMARK [1][-]{section.13.8}{\376\377\000B\000r\000i\000d\000g\000e\000\040\000t\000o\000\040\000C\000h\000a\000p\000t\000e\000r\000\040\0001\0003}{chapter.13}% 152
\BOOKMARK [1][-]{section.13.9}{\376\377\000F\000u\000r\000t\000h\000e\000r\000\040\000R\000e\000a\000d\000i\000n\000g}{chapter.13}% 153
\BOOKMARK [1][-]{section.13.10}{\376\377\000E\000x\000e\000r\000c\000i\000s\000e\000s}{chapter.13}% 154
\BOOKMARK [1][-]{section.13.11}{\376\377\000S\000o\000l\000u\000t\000i\000o\000n\000s}{chapter.13}% 155
\BOOKMARK [-1][-]{part.5}{\376\377\000V\000\040\000D\000a\000t\000a\000-\000I\000n\000t\000e\000n\000s\000i\000v\000e\000\040\000S\000c\000i\000e\000n\000c\000e}{}% 156
\BOOKMARK [0][-]{chapter.14}{\376\377\000A\000\040\000B\000r\000i\000e\000f\000\040\000H\000i\000s\000t\000o\000r\000y\000\040\000o\000f\000\040\000I\000n\000f\000e\000r\000e\000n\000c\000e\000\040\000i\000n\000\040\000A\000s\000t\000r\000o\000n\000o\000m\000y}{part.5}% 157
\BOOKMARK [1][-]{section.14.1}{\376\377\000I\000n\000t\000r\000o\000d\000u\000c\000t\000i\000o\000n\000:\000\040\000A\000s\000t\000r\000o\000n\000o\000m\000y\000\040\000a\000s\000\040\000a\000n\000\040\000I\000n\000f\000e\000r\000e\000n\000c\000e\000\040\000E\000n\000g\000i\000n\000e}{chapter.14}% 158
\BOOKMARK [1][-]{section.14.2}{\376\377\000L\000i\000n\000e\000a\000r\000\040\000R\000e\000g\000r\000e\000s\000s\000i\000o\000n\000\040\000a\000n\000d\000\040\000L\000e\000a\000s\000t\000\040\000S\000q\000u\000a\000r\000e\000s}{chapter.14}% 159
\BOOKMARK [1][-]{section.14.3}{\376\377\000B\000a\000y\000e\000s\000i\000a\000n\000\040\000I\000n\000f\000e\000r\000e\000n\000c\000e\000\040\000i\000n\000\040\000C\000o\000s\000m\000o\000l\000o\000g\000y}{chapter.14}% 160
\BOOKMARK [1][-]{section.14.4}{\376\377\000M\000o\000d\000e\000r\000n\000\040\000S\000a\000m\000p\000l\000i\000n\000g\000:\000\040\000H\000M\000C\000\040\000a\000n\000d\000\040\000N\000e\000s\000t\000e\000d\000\040\000S\000a\000m\000p\000l\000i\000n\000g}{chapter.14}% 161
\BOOKMARK [1][-]{section.14.5}{\376\377\000L\000i\000k\000e\000l\000i\000h\000o\000o\000d\000-\000F\000r\000e\000e\000\040\000I\000n\000f\000e\000r\000e\000n\000c\000e\000\040\000\050\000L\000F\000I\000\051}{chapter.14}% 162
\BOOKMARK [1][-]{section.14.6}{\376\377\000A\000m\000o\000r\000t\000i\000z\000e\000d\000\040\000I\000n\000f\000e\000r\000e\000n\000c\000e}{chapter.14}% 163
\BOOKMARK [1][-]{section.14.7}{\376\377\000B\000r\000i\000d\000g\000e\000\040\000t\000o\000\040\000C\000h\000a\000p\000t\000e\000r\000\040\0001\0004}{chapter.14}% 164
\BOOKMARK [1][-]{section.14.8}{\376\377\000F\000u\000r\000t\000h\000e\000r\000\040\000R\000e\000a\000d\000i\000n\000g}{chapter.14}% 165
\BOOKMARK [1][-]{section.14.9}{\376\377\000E\000x\000e\000r\000c\000i\000s\000e\000s}{chapter.14}% 166
\BOOKMARK [1][-]{section.14.10}{\376\377\000S\000o\000l\000u\000t\000i\000o\000n\000s}{chapter.14}% 167
\BOOKMARK [0][-]{chapter.15}{\376\377\000M\000a\000k\000i\000n\000g\000\040\000M\000a\000t\000h\000e\000m\000a\000t\000i\000c\000a\000l\000\040\000O\000n\000l\000i\000n\000e\000\040\000R\000e\000s\000o\000u\000r\000c\000e\000s\000\040\000F\000A\000I\000R}{part.5}% 168
\BOOKMARK [1][-]{section.15.1}{\376\377\000I\000n\000t\000r\000o\000d\000u\000c\000t\000i\000o\000n\000:\000\040\000T\000h\000e\000\040\000L\000e\000g\000a\000c\000y\000\040\000S\000o\000f\000t\000w\000a\000r\000e\000\040\000C\000r\000i\000s\000i\000s}{chapter.15}% 169
\BOOKMARK [1][-]{section.15.2}{\376\377\000C\000a\000s\000e\000\040\000S\000t\000u\000d\000y\000:\000\040\000S\000m\000a\000l\000l\000\040\000P\000h\000y\000l\000o\000g\000e\000n\000e\000t\000i\000c\000\040\000T\000r\000e\000e\000s}{chapter.15}% 170
\BOOKMARK [1][-]{section.15.3}{\376\377\000T\000h\000e\000\040\000M\000a\000R\000D\000I\000\040\000F\000o\000r\000m\000a\000t}{chapter.15}% 171
\BOOKMARK [1][-]{section.15.4}{\376\377\000V\000e\000r\000i\000f\000i\000c\000a\000t\000i\000o\000n\000\040\000a\000n\000d\000\040\000R\000e\000p\000r\000o\000d\000u\000c\000i\000b\000i\000l\000i\000t\000y}{chapter.15}% 172
\BOOKMARK [1][-]{section.15.5}{\376\377\000G\000u\000i\000d\000e\000l\000i\000n\000e\000s\000\040\000f\000o\000r\000\040\000F\000A\000I\000R\000i\000f\000y\000i\000n\000g\000\040\000Y\000o\000u\000r\000\040\000R\000e\000s\000o\000u\000r\000c\000e}{chapter.15}% 173
\BOOKMARK [1][-]{section.15.6}{\376\377\000B\000r\000i\000d\000g\000e\000\040\000t\000o\000\040\000C\000h\000a\000p\000t\000e\000r\000\040\0001\0005}{chapter.15}% 174
\BOOKMARK [1][-]{section.15.7}{\376\377\000F\000u\000r\000t\000h\000e\000r\000\040\000R\000e\000a\000d\000i\000n\000g}{chapter.15}% 175
\BOOKMARK [1][-]{section.15.8}{\376\377\000E\000x\000e\000r\000c\000i\000s\000e\000s}{chapter.15}% 176
\BOOKMARK [1][-]{section.15.9}{\376\377\000S\000o\000l\000u\000t\000i\000o\000n\000s}{chapter.15}% 177
\BOOKMARK [0][-]{chapter.16}{\376\377\000D\000e\000c\000i\000p\000h\000e\000r\000i\000n\000g\000\040\000S\000c\000r\000o\000l\000l\000s\000\040\000w\000i\000t\000h\000\040\000T\000o\000m\000o\000g\000r\000a\000p\000h\000y\000:\000\040\000A\000\040\000T\000r\000a\000i\000n\000i\000n\000g\000\040\000E\000x\000p\000e\000r\000i\000m\000e\000n\000t}{part.5}% 178
\BOOKMARK [1][-]{section.16.1}{\376\377\000I\000n\000t\000r\000o\000d\000u\000c\000t\000i\000o\000n\000:\000\040\000T\000h\000e\000\040\000V\000i\000r\000t\000u\000a\000l\000\040\000U\000n\000w\000r\000a\000p\000p\000i\000n\000g\000\040\000P\000r\000o\000b\000l\000e\000m}{chapter.16}% 179
\BOOKMARK [1][-]{section.16.2}{\376\377\000T\000h\000e\000\040\000M\000a\000t\000h\000e\000m\000a\000t\000i\000c\000a\000l\000\040\000M\000o\000d\000e\000l\000:\000\040\000R\000a\000d\000o\000n\000\040\000T\000r\000a\000n\000s\000f\000o\000r\000m}{chapter.16}% 180
\BOOKMARK [1][-]{section.16.3}{\376\377\000E\000x\000p\000e\000r\000i\000m\000e\000n\000t\000a\000l\000\040\000S\000e\000t\000u\000p\000:\000\040\000V\000i\000s\000i\000b\000l\000e\000-\000L\000i\000g\000h\000t\000\040\000T\000o\000m\000o\000g\000r\000a\000p\000h\000y}{chapter.16}% 181
\BOOKMARK [1][-]{section.16.4}{\376\377\000R\000e\000c\000o\000n\000s\000t\000r\000u\000c\000t\000i\000o\000n\000\040\000P\000i\000p\000e\000l\000i\000n\000e}{chapter.16}% 182
\BOOKMARK [2][-]{subsection.16.4.1}{\376\377\0001\000.\000\040\000P\000r\000e\000p\000r\000o\000c\000e\000s\000s\000i\000n\000g}{section.16.4}% 183
\BOOKMARK [2][-]{subsection.16.4.2}{\376\377\0002\000.\000\040\000F\000i\000l\000t\000e\000r\000e\000d\000\040\000B\000a\000c\000k\000-\000P\000r\000o\000j\000e\000c\000t\000i\000o\000n\000\040\000\050\000F\000B\000P\000\051}{section.16.4}% 184
\BOOKMARK [2][-]{subsection.16.4.3}{\376\377\0003\000.\000\040\000S\000e\000g\000m\000e\000n\000t\000a\000t\000i\000o\000n\000:\000\040\000F\000i\000n\000d\000i\000n\000g\000\040\000L\000a\000y\000e\000r\000s}{section.16.4}% 185
\BOOKMARK [2][-]{subsection.16.4.4}{\376\377\0004\000.\000\040\000T\000e\000x\000t\000u\000r\000e\000\040\000M\000a\000p\000p\000i\000n\000g\000\040\000a\000n\000d\000\040\000F\000l\000a\000t\000t\000e\000n\000i\000n\000g}{section.16.4}% 186
\BOOKMARK [2][-]{subsection.16.4.5}{\376\377\0005\000.\000\040\000M\000a\000x\000i\000m\000u\000m\000\040\000I\000n\000t\000e\000n\000s\000i\000t\000y\000\040\000P\000r\000o\000j\000e\000c\000t\000i\000o\000n\000\040\000\050\000M\000I\000P\000\051}{section.16.4}% 187
\BOOKMARK [1][-]{section.16.5}{\376\377\000R\000e\000s\000u\000l\000t\000s\000:\000\040\000R\000e\000c\000o\000n\000s\000t\000r\000u\000c\000t\000i\000n\000g\000\040\000t\000h\000e\000\040\000H\000e\000r\000c\000u\000l\000a\000n\000e\000u\000m\000\040\000S\000c\000r\000o\000l\000l\000s}{chapter.16}% 188
\BOOKMARK [1][-]{section.16.6}{\376\377\000C\000o\000d\000e\000\040\000R\000e\000p\000o\000s\000i\000t\000o\000r\000y\000:\000\040\000A\000r\000c\000h\000e\000o\000l\000a\000b}{chapter.16}% 189
\BOOKMARK [1][-]{section.16.7}{\376\377\000B\000r\000i\000d\000g\000e\000\040\000t\000o\000\040\000C\000h\000a\000p\000t\000e\000r\000\040\0001\0004}{chapter.16}% 190
\BOOKMARK [1][-]{section.16.8}{\376\377\000F\000u\000r\000t\000h\000e\000r\000\040\000R\000e\000a\000d\000i\000n\000g}{chapter.16}% 191
\BOOKMARK [1][-]{section.16.9}{\376\377\000E\000x\000e\000r\000c\000i\000s\000e\000s}{chapter.16}% 192
\BOOKMARK [1][-]{section.16.10}{\376\377\000S\000o\000l\000u\000t\000i\000o\000n\000s}{chapter.16}% 193
\BOOKMARK [-1][-]{part.6}{\376\377\000V\000I\000\040\000T\000h\000e\000\040\000F\000u\000t\000u\000r\000e}{}% 194
\BOOKMARK [0][-]{appendix.A}{\376\377\000J\000u\000l\000i\000a\000\040\000Q\000u\000i\000c\000k\000s\000t\000a\000r\000t\000\040\000R\000e\000f\000e\000r\000e\000n\000c\000e}{part.6}% 195
\BOOKMARK [1][-]{section.A.1}{\376\377\000B\000a\000s\000i\000c\000\040\000S\000y\000n\000t\000a\000x}{appendix.A}% 196
\BOOKMARK [1][-]{section.A.2}{\376\377\000A\000r\000r\000a\000y\000s\000\040\000a\000n\000d\000\040\000M\000a\000t\000r\000i\000c\000e\000s}{appendix.A}% 197
\BOOKMARK [1][-]{section.A.3}{\376\377\000F\000u\000n\000c\000t\000i\000o\000n\000s}{appendix.A}% 198
\BOOKMARK [1][-]{section.A.4}{\376\377\000L\000o\000o\000p\000s\000\040\000a\000n\000d\000\040\000C\000o\000m\000p\000r\000e\000h\000e\000n\000s\000i\000o\000n\000s}{appendix.A}% 199
\BOOKMARK [1][-]{section.A.5}{\376\377\000L\000i\000n\000e\000a\000r\000\040\000A\000l\000g\000e\000b\000r\000a}{appendix.A}% 200
\BOOKMARK [1][-]{section.A.6}{\376\377\000P\000l\000o\000t\000t\000i\000n\000g}{appendix.A}% 201
\BOOKMARK [1][-]{section.A.7}{\376\377\000D\000i\000f\000f\000e\000r\000e\000n\000t\000i\000a\000l\000\040\000E\000q\000u\000a\000t\000i\000o\000n\000s}{appendix.A}% 202
\BOOKMARK [1][-]{section.A.8}{\376\377\000P\000a\000c\000k\000a\000g\000e\000\040\000M\000a\000n\000a\000g\000e\000m\000e\000n\000t}{appendix.A}% 203
\BOOKMARK [1][-]{section.A.9}{\376\377\000S\000u\000m\000m\000a\000r\000y}{appendix.A}% 204
\BOOKMARK [0][-]{appendix.B}{\376\377\000L\000i\000n\000e\000a\000r\000\040\000A\000l\000g\000e\000b\000r\000a\000\040\000R\000e\000f\000e\000r\000e\000n\000c\000e}{part.6}% 205
\BOOKMARK [1][-]{section.B.1}{\376\377\000M\000a\000t\000r\000i\000x\000\040\000F\000a\000c\000t\000o\000r\000i\000z\000a\000t\000i\000o\000n\000s}{appendix.B}% 206
\BOOKMARK [1][-]{section.B.2}{\376\377\000E\000i\000g\000e\000n\000v\000a\000l\000u\000e\000\040\000T\000h\000e\000o\000r\000y}{appendix.B}% 207
\BOOKMARK [1][-]{section.B.3}{\376\377\000N\000o\000r\000m\000s\000\040\000a\000n\000d\000\040\000C\000o\000n\000d\000i\000t\000i\000o\000n\000\040\000N\000u\000m\000b\000e\000r\000s}{appendix.B}% 208
\BOOKMARK [1][-]{section.B.4}{\376\377\000N\000u\000m\000e\000r\000i\000c\000a\000l\000\040\000S\000t\000a\000b\000i\000l\000i\000t\000y}{appendix.B}% 209
\BOOKMARK [1][-]{section.B.5}{\376\377\000L\000e\000a\000s\000t\000\040\000S\000q\000u\000a\000r\000e\000s}{appendix.B}% 210
\BOOKMARK [1][-]{section.B.6}{\376\377\000I\000t\000e\000r\000a\000t\000i\000v\000e\000\040\000M\000e\000t\000h\000o\000d\000s}{appendix.B}% 211
\BOOKMARK [1][-]{section.B.7}{\376\377\000S\000u\000m\000m\000a\000r\000y\000\040\000T\000a\000b\000l\000e}{appendix.B}% 212
